// Jest Snapshot v1, https://goo.gl/fbAQLP

exports[`<Spinner /> renders correctly 1`] = `
<DocumentFragment>
  <div
    class="light-saber"
  >
    <div
      class="handle"
    />
  </div>
</DocumentFragment>
`;
